// Jest Snapshot v1, https://goo.gl/fbAQLP

exports[`<Controls /> should match snapshot 1`] = `
<div
  className="controls panel"
>
  <button
    className="toggle-btn"
    data-testid="tgl_lockGate"
    disabled={true}
  >
    Lock Gate
  </button>
  <button
    className="toggle-btn"
    data-testid="tgl_openGate"
  >
    Close Gate
  </button>
</div>
`;
